[     127ms] [INFO] %cDownload the React DevTools for a better development experience: https://react.dev/link/react-devtools font-weight:bold @ http://localhost:3000/_next/static/chunks/node_modules_next_dist_1e8vcs8._.js:776
[     134ms] [LOG] [HMR] connected @ http://localhost:3000/_next/static/chunks/node_modules_next_dist_1e8vcs8._.js:776
[   25169ms] [ERROR] WebSocket connection to 'ws://localhost:3000/_next/hmr?id=jl-zao_zhvYjcBwKKdfz3' failed: Error in connection establishment: net::ERR_CONNECTION_REFUSED @ http://localhost:3000/_next/static/chunks/node_modules_next_dist_client_0_90u2t._.js:16359
[   26172ms] [ERROR] WebSocket connection to 'ws://localhost:3000/_next/hmr?id=jl-zao_zhvYjcBwKKdfz3' failed: Error in connection establishment: net::ERR_CONNECTION_REFUSED @ http://localhost:3000/_next/static/chunks/node_modules_next_dist_client_0_90u2t._.js:16359
[   27176ms] [ERROR] WebSocket connection to 'ws://localhost:3000/_next/hmr?id=jl-zao_zhvYjcBwKKdfz3' failed: Error in connection establishment: net::ERR_CONNECTION_REFUSED @ http://localhost:3000/_next/static/chunks/node_modules_next_dist_client_0_90u2t._.js:16359
[   28180ms] [ERROR] WebSocket connection to 'ws://localhost:3000/_next/hmr?id=jl-zao_zhvYjcBwKKdfz3' failed: Error in connection establishment: net::ERR_CONNECTION_REFUSED @ http://localhost:3000/_next/static/chunks/node_modules_next_dist_client_0_90u2t._.js:16359
[   29183ms] [ERROR] WebSocket connection to 'ws://localhost:3000/_next/hmr?id=jl-zao_zhvYjcBwKKdfz3' failed: Error in connection establishment: net::ERR_CONNECTION_REFUSED @ http://localhost:3000/_next/static/chunks/node_modules_next_dist_client_0_90u2t._.js:16359
[   34187ms] [ERROR] WebSocket connection to 'ws://localhost:3000/_next/hmr?id=jl-zao_zhvYjcBwKKdfz3' failed: Error in connection establishment: net::ERR_CONNECTION_REFUSED @ http://localhost:3000/_next/static/chunks/node_modules_next_dist_client_0_90u2t._.js:16359
[   39192ms] [ERROR] WebSocket connection to 'ws://localhost:3000/_next/hmr?id=jl-zao_zhvYjcBwKKdfz3' failed: Error in connection establishment: net::ERR_CONNECTION_REFUSED @ http://localhost:3000/_next/static/chunks/node_modules_next_dist_client_0_90u2t._.js:16359
[   44196ms] [ERROR] WebSocket connection to 'ws://localhost:3000/_next/hmr?id=jl-zao_zhvYjcBwKKdfz3' failed: Error in connection establishment: net::ERR_CONNECTION_REFUSED @ http://localhost:3000/_next/static/chunks/node_modules_next_dist_client_0_90u2t._.js:16359
[   49199ms] [ERROR] WebSocket connection to 'ws://localhost:3000/_next/hmr?id=jl-zao_zhvYjcBwKKdfz3' failed: Error in connection establishment: net::ERR_CONNECTION_REFUSED @ http://localhost:3000/_next/static/chunks/node_modules_next_dist_client_0_90u2t._.js:16359
[   54204ms] [ERROR] WebSocket connection to 'ws://localhost:3000/_next/hmr?id=jl-zao_zhvYjcBwKKdfz3' failed: Error in connection establishment: net::ERR_CONNECTION_REFUSED @ http://localhost:3000/_next/static/chunks/node_modules_next_dist_client_0_90u2t._.js:16359
[   59208ms] [ERROR] WebSocket connection to 'ws://localhost:3000/_next/hmr?id=jl-zao_zhvYjcBwKKdfz3' failed: Error in connection establishment: net::ERR_CONNECTION_REFUSED @ http://localhost:3000/_next/static/chunks/node_modules_next_dist_client_0_90u2t._.js:16359
[   64214ms] [ERROR] WebSocket connection to 'ws://localhost:3000/_next/hmr?id=jl-zao_zhvYjcBwKKdfz3' failed: Error in connection establishment: net::ERR_CONNECTION_REFUSED @ http://localhost:3000/_next/static/chunks/node_modules_next_dist_client_0_90u2t._.js:16359
[  128569ms] [VERBOSE] [DOM] Input elements should have autocomplete attributes (suggested: "current-password"): (More info: https://goo.gl/9p2vKq) %o @ https://careerplatform-coral.vercel.app/login:0
[  500328ms] [VERBOSE] [DOM] Input elements should have autocomplete attributes (suggested: "current-password"): (More info: https://goo.gl/9p2vKq) %o @ http://localhost:3000/login:0
[  500332ms] [INFO] %cDownload the React DevTools for a better development experience: https://react.dev/link/react-devtools font-weight:bold @ http://localhost:3000/_next/static/chunks/node_modules_next_dist_1e8vcs8._.js:776
[  500340ms] [LOG] [HMR] connected @ http://localhost:3000/_next/static/chunks/node_modules_next_dist_1e8vcs8._.js:776
[  504957ms] [LOG] [Fast Refresh] rebuilding @ http://localhost:3000/_next/static/chunks/node_modules_next_dist_1e8vcs8._.js:776
[  506066ms] [INFO] %cDownload the React DevTools for a better development experience: https://react.dev/link/react-devtools font-weight:bold @ http://localhost:3000/_next/static/chunks/node_modules_next_dist_1e8vcs8._.js:776
[  506074ms] [LOG] [HMR] connected @ http://localhost:3000/_next/static/chunks/node_modules_next_dist_1e8vcs8._.js:776
